apiVersion: external-secrets.io/v1alpha1
kind: ExternalSecret
metadata:
  creationTimestamp: null
  name: aws-secretsmanager
spec:
  data:
  - remoteRef:
      key: demo-service/credentials
      property: password
    secretKey: password
  - remoteRef:
      key: demo-service/credentials
      property: username
    secretKey: username
  secretStoreRef:
    kind: ClusterSecretStore
    name: secretsmanager-secretstore-autogen-xvlbzgba
  target:
    name: aws-secretsmanager
    template:
      metadata: {}
status:
  refreshTime: null
